running egg_info
writing ../../build/depth_follower/depth_follower.egg-info/PKG-INFO
writing dependency_links to ../../build/depth_follower/depth_follower.egg-info/dependency_links.txt
writing entry points to ../../build/depth_follower/depth_follower.egg-info/entry_points.txt
writing requirements to ../../build/depth_follower/depth_follower.egg-info/requires.txt
writing top-level names to ../../build/depth_follower/depth_follower.egg-info/top_level.txt
reading manifest file '../../build/depth_follower/depth_follower.egg-info/SOURCES.txt'
writing manifest file '../../build/depth_follower/depth_follower.egg-info/SOURCES.txt'
running build
running build_py
copying depth_follower/depth_follower.py -> /mnt/c/Users/micah/Documents/SCMS_turtlebot/build/depth_follower/build/lib/depth_follower
running install
running install_lib
copying /mnt/c/Users/micah/Documents/SCMS_turtlebot/build/depth_follower/build/lib/depth_follower/depth_follower.py -> /mnt/c/Users/micah/Documents/SCMS_turtlebot/install/depth_follower/lib/python3.10/site-packages/depth_follower
byte-compiling /mnt/c/Users/micah/Documents/SCMS_turtlebot/install/depth_follower/lib/python3.10/site-packages/depth_follower/depth_follower.py to depth_follower.cpython-310.pyc
running install_data
copying launch/follower.launch.py -> /mnt/c/Users/micah/Documents/SCMS_turtlebot/install/depth_follower/share/depth_follower/launch
running install_egg_info
removing '/mnt/c/Users/micah/Documents/SCMS_turtlebot/install/depth_follower/lib/python3.10/site-packages/depth_follower-0.1.0-py3.10.egg-info' (and everything under it)
Copying ../../build/depth_follower/depth_follower.egg-info to /mnt/c/Users/micah/Documents/SCMS_turtlebot/install/depth_follower/lib/python3.10/site-packages/depth_follower-0.1.0-py3.10.egg-info
running install_scripts
Installing depth_follower script to /mnt/c/Users/micah/Documents/SCMS_turtlebot/install/depth_follower/lib/depth_follower
writing list of installed files to '/mnt/c/Users/micah/Documents/SCMS_turtlebot/build/depth_follower/install.log'
