[4.155s] Invoking command in '/mnt/c/Users/micah/Documents/SCMS_turtlebot/src/depth_follower': PYTHONPATH=/mnt/c/Users/micah/Documents/SCMS_turtlebot/build/depth_follower/prefix_override:/usr/lib/python3/dist-packages/colcon_core/task/python/colcon_distutils_commands:/mnt/c/Users/micah/Documents/SCMS_turtlebot/install/depth_follower/lib/python3.10/site-packages:${PYTHONPATH} /usr/bin/python3 -W ignore:setup.py install is deprecated -W ignore:easy_install command is deprecated setup.py egg_info --egg-base ../../build/depth_follower build --build-base /mnt/c/Users/micah/Documents/SCMS_turtlebot/build/depth_follower/build install --record /mnt/c/Users/micah/Documents/SCMS_turtlebot/build/depth_follower/install.log --single-version-externally-managed install_data
[6.116s] running egg_info
[6.143s] writing ../../build/depth_follower/depth_follower.egg-info/PKG-INFO
[6.190s] writing dependency_links to ../../build/depth_follower/depth_follower.egg-info/dependency_links.txt
[6.222s] writing entry points to ../../build/depth_follower/depth_follower.egg-info/entry_points.txt
[6.246s] writing requirements to ../../build/depth_follower/depth_follower.egg-info/requires.txt
[6.259s] writing top-level names to ../../build/depth_follower/depth_follower.egg-info/top_level.txt
[6.400s] reading manifest file '../../build/depth_follower/depth_follower.egg-info/SOURCES.txt'
[6.596s] writing manifest file '../../build/depth_follower/depth_follower.egg-info/SOURCES.txt'
[6.609s] running build
[6.611s] running build_py
[6.658s] copying depth_follower/depth_follower.py -> /mnt/c/Users/micah/Documents/SCMS_turtlebot/build/depth_follower/build/lib/depth_follower
[6.739s] running install
[6.742s] running install_lib
[6.846s] copying /mnt/c/Users/micah/Documents/SCMS_turtlebot/build/depth_follower/build/lib/depth_follower/depth_follower.py -> /mnt/c/Users/micah/Documents/SCMS_turtlebot/install/depth_follower/lib/python3.10/site-packages/depth_follower
[6.999s] byte-compiling /mnt/c/Users/micah/Documents/SCMS_turtlebot/install/depth_follower/lib/python3.10/site-packages/depth_follower/depth_follower.py to depth_follower.cpython-310.pyc
[7.285s] running install_data
[7.539s] copying launch/follower.launch.py -> /mnt/c/Users/micah/Documents/SCMS_turtlebot/install/depth_follower/share/depth_follower/launch
[7.605s] running install_egg_info
[7.643s] removing '/mnt/c/Users/micah/Documents/SCMS_turtlebot/install/depth_follower/lib/python3.10/site-packages/depth_follower-0.1.0-py3.10.egg-info' (and everything under it)
[7.868s] Copying ../../build/depth_follower/depth_follower.egg-info to /mnt/c/Users/micah/Documents/SCMS_turtlebot/install/depth_follower/lib/python3.10/site-packages/depth_follower-0.1.0-py3.10.egg-info
[8.807s] running install_scripts
[8.960s] Installing depth_follower script to /mnt/c/Users/micah/Documents/SCMS_turtlebot/install/depth_follower/lib/depth_follower
[9.004s] writing list of installed files to '/mnt/c/Users/micah/Documents/SCMS_turtlebot/build/depth_follower/install.log'
[9.040s] Invoked command in '/mnt/c/Users/micah/Documents/SCMS_turtlebot/src/depth_follower' returned '0': PYTHONPATH=/mnt/c/Users/micah/Documents/SCMS_turtlebot/build/depth_follower/prefix_override:/usr/lib/python3/dist-packages/colcon_core/task/python/colcon_distutils_commands:/mnt/c/Users/micah/Documents/SCMS_turtlebot/install/depth_follower/lib/python3.10/site-packages:${PYTHONPATH} /usr/bin/python3 -W ignore:setup.py install is deprecated -W ignore:easy_install command is deprecated setup.py egg_info --egg-base ../../build/depth_follower build --build-base /mnt/c/Users/micah/Documents/SCMS_turtlebot/build/depth_follower/build install --record /mnt/c/Users/micah/Documents/SCMS_turtlebot/build/depth_follower/install.log --single-version-externally-managed install_data
