[3.726s] Invoking command in '/mnt/c/Users/micah/Documents/SCMS_turtlebot/build/depth_follower': PYTHONPATH=/mnt/c/Users/micah/Documents/SCMS_turtlebot/build/depth_follower/prefix_override:/usr/lib/python3/dist-packages/colcon_core/task/python/colcon_distutils_commands:/mnt/c/Users/micah/Documents/SCMS_turtlebot/install/depth_follower/lib/python3.10/site-packages:${PYTHONPATH} /usr/bin/python3 -W ignore:setup.py install is deprecated -W ignore:easy_install command is deprecated setup.py develop --editable --build-directory /mnt/c/Users/micah/Documents/SCMS_turtlebot/build/depth_follower/build --no-deps symlink_data
[4.778s] running develop
[5.001s] running egg_info
[5.002s] creating depth_follower.egg-info
[5.003s] writing depth_follower.egg-info/PKG-INFO
[5.011s] writing dependency_links to depth_follower.egg-info/dependency_links.txt
[5.016s] writing entry points to depth_follower.egg-info/entry_points.txt
[5.022s] writing requirements to depth_follower.egg-info/requires.txt
[5.026s] writing top-level names to depth_follower.egg-info/top_level.txt
[5.031s] writing manifest file 'depth_follower.egg-info/SOURCES.txt'
[5.097s] reading manifest file 'depth_follower.egg-info/SOURCES.txt'
[5.160s] writing manifest file 'depth_follower.egg-info/SOURCES.txt'
[5.179s] running build_ext
[5.180s] Creating /mnt/c/Users/micah/Documents/SCMS_turtlebot/install/depth_follower/lib/python3.10/site-packages/depth-follower.egg-link (link to .)
[5.203s] Installing depth_follower_node script to /mnt/c/Users/micah/Documents/SCMS_turtlebot/install/depth_follower/lib/depth_follower
[5.222s] 
[5.223s] Installed /mnt/c/Users/micah/Documents/SCMS_turtlebot/build/depth_follower
[5.226s] running symlink_data
[5.233s] creating /mnt/c/Users/micah/Documents/SCMS_turtlebot/install/depth_follower/share/ament_index
[5.235s] creating /mnt/c/Users/micah/Documents/SCMS_turtlebot/install/depth_follower/share/ament_index/resource_index
[5.238s] creating /mnt/c/Users/micah/Documents/SCMS_turtlebot/install/depth_follower/share/ament_index/resource_index/packages
[5.254s] symbolically linking /mnt/c/Users/micah/Documents/SCMS_turtlebot/build/depth_follower/resource/depth_follower -> /mnt/c/Users/micah/Documents/SCMS_turtlebot/install/depth_follower/share/ament_index/resource_index/packages
[5.273s] symbolically linking /mnt/c/Users/micah/Documents/SCMS_turtlebot/build/depth_follower/package.xml -> /mnt/c/Users/micah/Documents/SCMS_turtlebot/install/depth_follower/share/depth_follower
[5.281s] creating /mnt/c/Users/micah/Documents/SCMS_turtlebot/install/depth_follower/share/depth_follower/launch
[5.296s] symbolically linking /mnt/c/Users/micah/Documents/SCMS_turtlebot/build/depth_follower/launch/follower.launch.py -> /mnt/c/Users/micah/Documents/SCMS_turtlebot/install/depth_follower/share/depth_follower/launch
[5.312s] symbolically linking /mnt/c/Users/micah/Documents/SCMS_turtlebot/build/depth_follower/launch/sim_tb3_with_depth.launch.py -> /mnt/c/Users/micah/Documents/SCMS_turtlebot/install/depth_follower/share/depth_follower/launch
[5.320s] creating /mnt/c/Users/micah/Documents/SCMS_turtlebot/install/depth_follower/share/depth_follower/urdf
[5.333s] symbolically linking /mnt/c/Users/micah/Documents/SCMS_turtlebot/build/depth_follower/depth_follower/urdf/burger_with_rgbd.urdf.xacro -> /mnt/c/Users/micah/Documents/SCMS_turtlebot/install/depth_follower/share/depth_follower/urdf
[5.342s] creating /mnt/c/Users/micah/Documents/SCMS_turtlebot/install/depth_follower/share/depth_follower/config
[5.353s] symbolically linking /mnt/c/Users/micah/Documents/SCMS_turtlebot/build/depth_follower/config/follower.params.yaml -> /mnt/c/Users/micah/Documents/SCMS_turtlebot/install/depth_follower/share/depth_follower/config
[5.375s] Invoked command in '/mnt/c/Users/micah/Documents/SCMS_turtlebot/build/depth_follower' returned '0': PYTHONPATH=/mnt/c/Users/micah/Documents/SCMS_turtlebot/build/depth_follower/prefix_override:/usr/lib/python3/dist-packages/colcon_core/task/python/colcon_distutils_commands:/mnt/c/Users/micah/Documents/SCMS_turtlebot/install/depth_follower/lib/python3.10/site-packages:${PYTHONPATH} /usr/bin/python3 -W ignore:setup.py install is deprecated -W ignore:easy_install command is deprecated setup.py develop --editable --build-directory /mnt/c/Users/micah/Documents/SCMS_turtlebot/build/depth_follower/build --no-deps symlink_data
