running develop
Removing /mnt/c/Users/micah/Documents/SCMS_turtlebot/install/depth_follower/lib/python3.10/site-packages/depth-follower.egg-link (link to .)
running egg_info
writing ../../build/depth_follower/depth_follower.egg-info/PKG-INFO
writing dependency_links to ../../build/depth_follower/depth_follower.egg-info/dependency_links.txt
writing entry points to ../../build/depth_follower/depth_follower.egg-info/entry_points.txt
writing requirements to ../../build/depth_follower/depth_follower.egg-info/requires.txt
writing top-level names to ../../build/depth_follower/depth_follower.egg-info/top_level.txt
reading manifest file '../../build/depth_follower/depth_follower.egg-info/SOURCES.txt'
writing manifest file '../../build/depth_follower/depth_follower.egg-info/SOURCES.txt'
running build
running build_py
creating /mnt/c/Users/micah/Documents/SCMS_turtlebot/build/depth_follower/build
creating /mnt/c/Users/micah/Documents/SCMS_turtlebot/build/depth_follower/build/lib
creating /mnt/c/Users/micah/Documents/SCMS_turtlebot/build/depth_follower/build/lib/depth_follower
copying depth_follower/depth_follower.py -> /mnt/c/Users/micah/Documents/SCMS_turtlebot/build/depth_follower/build/lib/depth_follower
copying depth_follower/__init__.py -> /mnt/c/Users/micah/Documents/SCMS_turtlebot/build/depth_follower/build/lib/depth_follower
running install
running install_lib
creating /mnt/c/Users/micah/Documents/SCMS_turtlebot/install/depth_follower/lib/python3.10/site-packages/depth_follower
copying /mnt/c/Users/micah/Documents/SCMS_turtlebot/build/depth_follower/build/lib/depth_follower/depth_follower.py -> /mnt/c/Users/micah/Documents/SCMS_turtlebot/install/depth_follower/lib/python3.10/site-packages/depth_follower
copying /mnt/c/Users/micah/Documents/SCMS_turtlebot/build/depth_follower/build/lib/depth_follower/__init__.py -> /mnt/c/Users/micah/Documents/SCMS_turtlebot/install/depth_follower/lib/python3.10/site-packages/depth_follower
byte-compiling /mnt/c/Users/micah/Documents/SCMS_turtlebot/install/depth_follower/lib/python3.10/site-packages/depth_follower/depth_follower.py to depth_follower.cpython-310.pyc
byte-compiling /mnt/c/Users/micah/Documents/SCMS_turtlebot/install/depth_follower/lib/python3.10/site-packages/depth_follower/__init__.py to __init__.cpython-310.pyc
running install_data
copying resource/depth_follower -> /mnt/c/Users/micah/Documents/SCMS_turtlebot/install/depth_follower/share/ament_index/resource_index/packages
copying package.xml -> /mnt/c/Users/micah/Documents/SCMS_turtlebot/install/depth_follower/share/depth_follower
copying launch/depth_follower.launch.py -> /mnt/c/Users/micah/Documents/SCMS_turtlebot/install/depth_follower/share/depth_follower/launch
copying launch/follower.launch.py -> /mnt/c/Users/micah/Documents/SCMS_turtlebot/install/depth_follower/share/depth_follower/launch
running install_egg_info
Copying ../../build/depth_follower/depth_follower.egg-info to /mnt/c/Users/micah/Documents/SCMS_turtlebot/install/depth_follower/lib/python3.10/site-packages/depth_follower-0.1.0-py3.10.egg-info
running install_scripts
Installing depth_follower script to /mnt/c/Users/micah/Documents/SCMS_turtlebot/install/depth_follower/lib/depth_follower
writing list of installed files to '/mnt/c/Users/micah/Documents/SCMS_turtlebot/build/depth_follower/install.log'
