[3.981s] Invoking command in '/mnt/c/Users/micah/Documents/SCMS_turtlebot/build/depth_follower': PYTHONPATH=/mnt/c/Users/micah/Documents/SCMS_turtlebot/build/depth_follower/prefix_override:/usr/lib/python3/dist-packages/colcon_core/task/python/colcon_distutils_commands:/mnt/c/Users/micah/Documents/SCMS_turtlebot/install/depth_follower/lib/python3.10/site-packages:${PYTHONPATH} /usr/bin/python3 -W ignore:setup.py install is deprecated -W ignore:easy_install command is deprecated setup.py develop --uninstall --editable --build-directory /mnt/c/Users/micah/Documents/SCMS_turtlebot/build/depth_follower/build
[5.836s] running develop
[6.597s] Removing /mnt/c/Users/micah/Documents/SCMS_turtlebot/install/depth_follower/lib/python3.10/site-packages/depth-follower.egg-link (link to .)
[6.653s] Invoked command in '/mnt/c/Users/micah/Documents/SCMS_turtlebot/build/depth_follower' returned '0': PYTHONPATH=/mnt/c/Users/micah/Documents/SCMS_turtlebot/build/depth_follower/prefix_override:/usr/lib/python3/dist-packages/colcon_core/task/python/colcon_distutils_commands:/mnt/c/Users/micah/Documents/SCMS_turtlebot/install/depth_follower/lib/python3.10/site-packages:${PYTHONPATH} /usr/bin/python3 -W ignore:setup.py install is deprecated -W ignore:easy_install command is deprecated setup.py develop --uninstall --editable --build-directory /mnt/c/Users/micah/Documents/SCMS_turtlebot/build/depth_follower/build
[6.681s] Invoking command in '/mnt/c/Users/micah/Documents/SCMS_turtlebot/src/depth_follower': PYTHONPATH=/mnt/c/Users/micah/Documents/SCMS_turtlebot/build/depth_follower/prefix_override:/usr/lib/python3/dist-packages/colcon_core/task/python/colcon_distutils_commands:/mnt/c/Users/micah/Documents/SCMS_turtlebot/install/depth_follower/lib/python3.10/site-packages:${PYTHONPATH} /usr/bin/python3 -W ignore:setup.py install is deprecated -W ignore:easy_install command is deprecated setup.py egg_info --egg-base ../../build/depth_follower build --build-base /mnt/c/Users/micah/Documents/SCMS_turtlebot/build/depth_follower/build install --record /mnt/c/Users/micah/Documents/SCMS_turtlebot/build/depth_follower/install.log --single-version-externally-managed install_data --force
[8.457s] running egg_info
[8.475s] writing ../../build/depth_follower/depth_follower.egg-info/PKG-INFO
[8.515s] writing dependency_links to ../../build/depth_follower/depth_follower.egg-info/dependency_links.txt
[8.537s] writing entry points to ../../build/depth_follower/depth_follower.egg-info/entry_points.txt
[8.584s] writing requirements to ../../build/depth_follower/depth_follower.egg-info/requires.txt
[8.609s] writing top-level names to ../../build/depth_follower/depth_follower.egg-info/top_level.txt
[8.729s] reading manifest file '../../build/depth_follower/depth_follower.egg-info/SOURCES.txt'
[8.967s] writing manifest file '../../build/depth_follower/depth_follower.egg-info/SOURCES.txt'
[8.970s] running build
[8.972s] running build_py
[8.976s] creating /mnt/c/Users/micah/Documents/SCMS_turtlebot/build/depth_follower/build
[8.981s] creating /mnt/c/Users/micah/Documents/SCMS_turtlebot/build/depth_follower/build/lib
[8.987s] creating /mnt/c/Users/micah/Documents/SCMS_turtlebot/build/depth_follower/build/lib/depth_follower
[9.018s] copying depth_follower/depth_follower.py -> /mnt/c/Users/micah/Documents/SCMS_turtlebot/build/depth_follower/build/lib/depth_follower
[9.079s] copying depth_follower/__init__.py -> /mnt/c/Users/micah/Documents/SCMS_turtlebot/build/depth_follower/build/lib/depth_follower
[9.123s] running install
[9.124s] running install_lib
[9.195s] creating /mnt/c/Users/micah/Documents/SCMS_turtlebot/install/depth_follower/lib/python3.10/site-packages/depth_follower
[9.236s] copying /mnt/c/Users/micah/Documents/SCMS_turtlebot/build/depth_follower/build/lib/depth_follower/depth_follower.py -> /mnt/c/Users/micah/Documents/SCMS_turtlebot/install/depth_follower/lib/python3.10/site-packages/depth_follower
[9.371s] copying /mnt/c/Users/micah/Documents/SCMS_turtlebot/build/depth_follower/build/lib/depth_follower/__init__.py -> /mnt/c/Users/micah/Documents/SCMS_turtlebot/install/depth_follower/lib/python3.10/site-packages/depth_follower
[9.494s] byte-compiling /mnt/c/Users/micah/Documents/SCMS_turtlebot/install/depth_follower/lib/python3.10/site-packages/depth_follower/depth_follower.py to depth_follower.cpython-310.pyc
[9.617s] byte-compiling /mnt/c/Users/micah/Documents/SCMS_turtlebot/install/depth_follower/lib/python3.10/site-packages/depth_follower/__init__.py to __init__.cpython-310.pyc
[9.711s] running install_data
[9.732s] copying resource/depth_follower -> /mnt/c/Users/micah/Documents/SCMS_turtlebot/install/depth_follower/share/ament_index/resource_index/packages
[9.821s] copying package.xml -> /mnt/c/Users/micah/Documents/SCMS_turtlebot/install/depth_follower/share/depth_follower
[9.896s] copying launch/depth_follower.launch.py -> /mnt/c/Users/micah/Documents/SCMS_turtlebot/install/depth_follower/share/depth_follower/launch
[9.996s] copying launch/follower.launch.py -> /mnt/c/Users/micah/Documents/SCMS_turtlebot/install/depth_follower/share/depth_follower/launch
[10.082s] running install_egg_info
[10.139s] Copying ../../build/depth_follower/depth_follower.egg-info to /mnt/c/Users/micah/Documents/SCMS_turtlebot/install/depth_follower/lib/python3.10/site-packages/depth_follower-0.1.0-py3.10.egg-info
[10.893s] running install_scripts
[11.062s] Installing depth_follower script to /mnt/c/Users/micah/Documents/SCMS_turtlebot/install/depth_follower/lib/depth_follower
[11.101s] writing list of installed files to '/mnt/c/Users/micah/Documents/SCMS_turtlebot/build/depth_follower/install.log'
[11.138s] Invoked command in '/mnt/c/Users/micah/Documents/SCMS_turtlebot/src/depth_follower' returned '0': PYTHONPATH=/mnt/c/Users/micah/Documents/SCMS_turtlebot/build/depth_follower/prefix_override:/usr/lib/python3/dist-packages/colcon_core/task/python/colcon_distutils_commands:/mnt/c/Users/micah/Documents/SCMS_turtlebot/install/depth_follower/lib/python3.10/site-packages:${PYTHONPATH} /usr/bin/python3 -W ignore:setup.py install is deprecated -W ignore:easy_install command is deprecated setup.py egg_info --egg-base ../../build/depth_follower build --build-base /mnt/c/Users/micah/Documents/SCMS_turtlebot/build/depth_follower/build install --record /mnt/c/Users/micah/Documents/SCMS_turtlebot/build/depth_follower/install.log --single-version-externally-managed install_data --force
